Timestamp        S0C    S1C    S0U    S1U      EC       EU        OC         OU       MC     MU    CCSC   CCSU   YGC     YGCT    FGC    FGCT     GCT   
            2.3 20992.0 20992.0  0.0    0.0   129024.0  7741.7  8457216.0  8112000.2  4096.0 882.9   0.0    0.0        0    0.000   0      0.000    0.000
            5.3 20992.0 20992.0  0.0    0.0   129024.0  7741.7  19614208.0 19266000.4 4096.0 882.9   0.0    0.0        0    0.000   0      0.000    0.000
            8.3 20992.0 20992.0  0.0    0.0   129024.0  7741.7  30771200.0 30420000.7 4096.0 882.9   0.0    0.0        0    0.000   0      0.000    0.000
           11.4 20992.0 20992.0  0.0    0.0   129024.0  7741.7  33814016.0 33462000.8 4096.0 882.9   0.0    0.0        0    0.000   0      0.000    0.000
           15.0 20992.0 20992.0  0.0    0.0   129024.0  7741.7  35842560.0 35490000.8 4096.0 882.9   0.0    0.0        0    0.000   0      0.000    0.000
           18.2 20992.0 20992.0  0.0    0.0   129024.0  7741.7  37871104.0 37518000.9 4096.0 882.9   0.0    0.0        0    0.000   0      0.000    0.000
           21.2 20992.0 20992.0  0.0    0.0   129024.0  7741.7  38885376.0 38532000.9 4096.0 882.9   0.0    0.0        0    0.000   0      0.000    0.000
           24.3 20992.0 20992.0  0.0    0.0   129024.0  7741.7  40913920.0 40560000.9 4096.0 882.9   0.0    0.0        0    0.000   0      0.000    0.000
           27.4 20992.0 20992.0  0.0    0.0   129024.0  7741.7  41928192.0 41574001.0 4096.0 882.9   0.0    0.0        0    0.000   0      0.000    0.000
           30.9 20992.0 20992.0  0.0   592.0  129024.0   0.0    41943040.0 41574001.0 4352.0 3020.8  0.0    0.0        2    1.520   0      0.000    1.520
           33.9 20992.0 20992.0 560.0   0.0   258048.0   0.0    41943040.0 41574001.0 4352.0 3020.8  0.0    0.0        2    2.845   1      0.000    2.845
           36.9 20992.0 20992.0 560.0   0.0   258048.0   0.0    41943040.0 41574001.0 4352.0 3020.8  0.0    0.0        2    2.845   1      0.000    2.845
           39.9 20992.0 20992.0 560.0   0.0   258048.0   0.0    41943040.0 41574001.0 4352.0 3020.8  0.0    0.0        2    2.845   1      0.000    2.845
           42.9 20992.0 20992.0 560.0   0.0   258048.0   0.0    41943040.0 41574001.0 4352.0 3020.8  0.0    0.0        2    2.845   1      0.000    2.845
           45.9 20992.0 20992.0 560.0   0.0   258048.0   0.0    41943040.0 41574001.0 4352.0 3020.8  0.0    0.0        2    2.845   1      0.000    2.845
           48.9 20992.0 20992.0 560.0   0.0   258048.0   0.0    41943040.0 41574001.0 4352.0 3020.8  0.0    0.0        2    2.845   1      0.000    2.845
           51.9 20992.0 20992.0 560.0   0.0   258048.0   0.0    41943040.0 41574001.0 4352.0 3020.8  0.0    0.0        2    2.845   1      0.000    2.845
           54.9 20992.0 20992.0 560.0   0.0   258048.0   0.0    41943040.0 41574001.0 4352.0 3020.8  0.0    0.0        2    2.845   1      0.000    2.845
           57.9 20992.0 20992.0 560.0   0.0   258048.0   0.0    41943040.0 41574001.0 4352.0 3020.8  0.0    0.0        2    2.845   1      0.000    2.845
           60.9 20992.0 20992.0 560.0   0.0   258048.0   0.0    41943040.0 41574001.0 4352.0 3020.8  0.0    0.0        2    2.845   1      0.000    2.845
Timestamp        S0C    S1C    S0U    S1U      EC       EU        OC         OU       MC     MU    CCSC   CCSU   YGC     YGCT    FGC    FGCT     GCT   
           64.0 20992.0 20992.0 560.0   0.0   258048.0   0.0    41943040.0 41574001.0 4352.0 3020.8  0.0    0.0        2    2.845   1      0.000    2.845
           67.0 20992.0 20992.0 560.0   0.0   258048.0   0.0    41943040.0 41574001.0 4352.0 3020.8  0.0    0.0        2    2.845   1      0.000    2.845
           70.0 20992.0 20992.0 560.0   0.0   258048.0   0.0    41943040.0 41574001.0 4352.0 3020.8  0.0    0.0        2    2.845   1      0.000    2.845
           72.9 20992.0 20992.0 560.0   0.0   258048.0   0.0    41943040.0 41574001.0 4352.0 3020.8  0.0    0.0        2    2.845   1      0.000    2.845
           75.9 20992.0 20992.0 560.0   0.0   258048.0   0.0    41943040.0 41574001.0 4352.0 3020.8  0.0    0.0        2    2.845   1      0.000    2.845
           78.9 20992.0 20992.0 560.0   0.0   258048.0   0.0    41943040.0 41574001.0 4352.0 3020.8  0.0    0.0        2    2.845   1      0.000    2.845
           81.9 20992.0 20992.0 560.0   0.0   258048.0   0.0    41943040.0 41574001.0 4352.0 3020.8  0.0    0.0        2    2.845   1      0.000    2.845
           84.9 20992.0 20992.0 560.0   0.0   258048.0   0.0    41943040.0 41574001.0 4352.0 3020.8  0.0    0.0        2    2.845   1      0.000    2.845
           87.9 20992.0 20992.0 560.0   0.0   258048.0   0.0    41943040.0 41574001.0 4352.0 3020.8  0.0    0.0        2    2.845   1      0.000    2.845
           91.0 20992.0 20992.0 560.0   0.0   258048.0   0.0    41943040.0 41574001.0 4352.0 3020.8  0.0    0.0        2    2.845   1      0.000    2.845
           94.0 20992.0 20992.0 560.0   0.0   258048.0   0.0    41943040.0 41574001.0 4352.0 3020.8  0.0    0.0        2    2.845   1      0.000    2.845
           97.0 20992.0 20992.0 560.0   0.0   258048.0   0.0    41943040.0 41574001.0 4352.0 3020.8  0.0    0.0        2    2.845   1      0.000    2.845
          100.0 20992.0 20992.0 560.0   0.0   258048.0   0.0    41943040.0 41574001.0 4352.0 3020.8  0.0    0.0        2    2.845   1      0.000    2.845
          103.0 20992.0 20992.0 560.0   0.0   258048.0   0.0    41943040.0 41574001.0 4352.0 3020.8  0.0    0.0        2    2.845   1      0.000    2.845
          106.0 20992.0 20992.0 560.0   0.0   258048.0   0.0    41943040.0 41574001.0 4352.0 3020.8  0.0    0.0        2    2.845   1      0.000    2.845
          109.0 20992.0 20992.0 560.0   0.0   258048.0   0.0    41943040.0 41574001.0 4352.0 3020.8  0.0    0.0        2    2.845   1      0.000    2.845
          112.0 20992.0 20992.0 560.0   0.0   258048.0   0.0    41943040.0 41574001.0 4352.0 3020.8  0.0    0.0        2    2.845   1      0.000    2.845
          115.0 20992.0 20992.0 560.0   0.0   258048.0   0.0    41943040.0 41574001.0 4352.0 3020.8  0.0    0.0        2    2.845   1      0.000    2.845
          118.2 20992.0 20992.0 560.0   0.0   258048.0   0.0    41943040.0 41574001.0 4352.0 3020.8  0.0    0.0        2    2.845   1      0.000    2.845
          121.2 20992.0 20992.0 560.0   0.0   258048.0   0.0    41943040.0 41574001.0 4352.0 3020.8  0.0    0.0        2    2.845   1      0.000    2.845
Timestamp        S0C    S1C    S0U    S1U      EC       EU        OC         OU       MC     MU    CCSC   CCSU   YGC     YGCT    FGC    FGCT     GCT   
          124.1 20992.0 20992.0 560.0   0.0   258048.0   0.0    41943040.0 41574001.0 4352.0 3020.8  0.0    0.0        2    2.845   1      0.000    2.845
          127.2 20992.0 20992.0 560.0   0.0   258048.0   0.0    41943040.0 41574001.0 4352.0 3020.8  0.0    0.0        2    2.845   1      0.000    2.845
          130.2 20992.0 20992.0 560.0   0.0   258048.0   0.0    41943040.0 41574001.0 4352.0 3020.8  0.0    0.0        2    2.845   1      0.000    2.845
          133.1 20992.0 20992.0 560.0   0.0   258048.0   0.0    41943040.0 41574001.0 4352.0 3020.8  0.0    0.0        2    2.845   1      0.000    2.845
          136.2 20992.0 20992.0 560.0   0.0   258048.0   0.0    41943040.0 41574001.0 4352.0 3020.8  0.0    0.0        2    2.845   1      0.000    2.845
          139.2 20992.0 20992.0 560.0   0.0   258048.0   0.0    41943040.0 41574001.0 4352.0 3020.8  0.0    0.0        2    2.845   1      0.000    2.845
          142.2 20992.0 20992.0 560.0   0.0   258048.0   0.0    41943040.0 41574001.0 4352.0 3020.8  0.0    0.0        2    2.845   1      0.000    2.845
          145.2 20992.0 20992.0 560.0   0.0   258048.0   0.0    41943040.0 41574001.0 4352.0 3020.8  0.0    0.0        2    2.845   1      0.000    2.845
          148.3 20992.0 20992.0 560.0   0.0   258048.0   0.0    41943040.0 41574001.0 4352.0 3020.8  0.0    0.0        2    2.845   1      0.000    2.845
          151.5 20992.0 20992.0  0.0    0.0   258048.0   0.1    35849728.0 35490533.6 4352.0 3020.8  0.0    0.0        2    2.845   1    118.014  120.859
