Timestamp         S0     S1     E      O      M     CCS    YGC     YGCT    FGC    FGCT     GCT   
            2.3   0.00   0.00   6.00  95.92  21.56      -      0    0.000     0    0.000    0.000
            5.3   0.00   0.00   6.00  98.22  21.56      -      0    0.000     0    0.000    0.000
            8.3   0.00   0.00   6.00  98.86  21.56      -      0    0.000     0    0.000    0.000
           11.4   0.00   0.00   6.00  98.96  21.56      -      0    0.000     0    0.000    0.000
           15.0   0.00   0.00   6.00  99.02  21.56      -      0    0.000     0    0.000    0.000
           18.1   0.00   0.00   6.00  99.07  21.56      -      0    0.000     0    0.000    0.000
           21.2   0.00   0.00   6.00  99.09  21.56      -      0    0.000     0    0.000    0.000
           24.2   0.00   0.00   6.00  99.13  21.56      -      0    0.000     0    0.000    0.000
           27.2   0.00   0.00   6.00  99.16  21.56      -      0    0.000     0    0.000    0.000
           30.2   0.00   2.82   0.00  99.12  69.41      -      2    1.520     0    0.000    1.520
           33.3   2.67   0.00   0.00  99.12  69.41      -      2    2.845     1    0.000    2.845
           36.3   2.67   0.00   0.00  99.12  69.41      -      2    2.845     1    0.000    2.845
           39.3   2.67   0.00   0.00  99.12  69.41      -      2    2.845     1    0.000    2.845
           42.3   2.67   0.00   0.00  99.12  69.41      -      2    2.845     1    0.000    2.845
           45.3   2.67   0.00   0.00  99.12  69.41      -      2    2.845     1    0.000    2.845
           48.3   2.67   0.00   0.00  99.12  69.41      -      2    2.845     1    0.000    2.845
           51.3   2.67   0.00   0.00  99.12  69.41      -      2    2.845     1    0.000    2.845
           54.3   2.67   0.00   0.00  99.12  69.41      -      2    2.845     1    0.000    2.845
           57.3   2.67   0.00   0.00  99.12  69.41      -      2    2.845     1    0.000    2.845
           60.3   2.67   0.00   0.00  99.12  69.41      -      2    2.845     1    0.000    2.845
Timestamp         S0     S1     E      O      M     CCS    YGC     YGCT    FGC    FGCT     GCT   
           63.4   2.67   0.00   0.00  99.12  69.41      -      2    2.845     1    0.000    2.845
           66.4   2.67   0.00   0.00  99.12  69.41      -      2    2.845     1    0.000    2.845
           69.4   2.67   0.00   0.00  99.12  69.41      -      2    2.845     1    0.000    2.845
           72.4   2.67   0.00   0.00  99.12  69.41      -      2    2.845     1    0.000    2.845
           75.4   2.67   0.00   0.00  99.12  69.41      -      2    2.845     1    0.000    2.845
           78.4   2.67   0.00   0.00  99.12  69.41      -      2    2.845     1    0.000    2.845
           81.3   2.67   0.00   0.00  99.12  69.41      -      2    2.845     1    0.000    2.845
           84.4   2.67   0.00   0.00  99.12  69.41      -      2    2.845     1    0.000    2.845
           87.4   2.67   0.00   0.00  99.12  69.41      -      2    2.845     1    0.000    2.845
           90.4   2.67   0.00   0.00  99.12  69.41      -      2    2.845     1    0.000    2.845
           93.4   2.67   0.00   0.00  99.12  69.41      -      2    2.845     1    0.000    2.845
           96.4   2.67   0.00   0.00  99.12  69.41      -      2    2.845     1    0.000    2.845
           99.4   2.67   0.00   0.00  99.12  69.41      -      2    2.845     1    0.000    2.845
          102.4   2.67   0.00   0.00  99.12  69.41      -      2    2.845     1    0.000    2.845
          105.4   2.67   0.00   0.00  99.12  69.41      -      2    2.845     1    0.000    2.845
          108.4   2.67   0.00   0.00  99.12  69.41      -      2    2.845     1    0.000    2.845
          111.4   2.67   0.00   0.00  99.12  69.41      -      2    2.845     1    0.000    2.845
          114.4   2.67   0.00   0.00  99.12  69.41      -      2    2.845     1    0.000    2.845
          117.4   2.67   0.00   0.00  99.12  69.41      -      2    2.845     1    0.000    2.845
          120.4   2.67   0.00   0.00  99.12  69.41      -      2    2.845     1    0.000    2.845
Timestamp         S0     S1     E      O      M     CCS    YGC     YGCT    FGC    FGCT     GCT   
          123.4   2.67   0.00   0.00  99.12  69.41      -      2    2.845     1    0.000    2.845
          126.4   2.67   0.00   0.00  99.12  69.41      -      2    2.845     1    0.000    2.845
          129.4   2.67   0.00   0.00  99.12  69.41      -      2    2.845     1    0.000    2.845
          132.4   2.67   0.00   0.00  99.12  69.41      -      2    2.845     1    0.000    2.845
          135.4   2.67   0.00   0.00  99.12  69.41      -      2    2.845     1    0.000    2.845
          138.4   2.67   0.00   0.00  99.12  69.41      -      2    2.845     1    0.000    2.845
          141.4   2.67   0.00   0.00  99.12  69.41      -      2    2.845     1    0.000    2.845
          144.4   2.67   0.00   0.00  99.12  69.41      -      2    2.845     1    0.000    2.845
          147.6   2.67   0.00   0.00  99.12  69.41      -      2    2.845     1    0.000    2.845
          151.3   0.00   0.00   0.00  98.97  69.41      -      2    2.845     1  118.014  120.859
